Archive member included because of file (symbol)

e:/eclipse_control/compiler/winarm/bin/../lib/gcc/arm-elf/4.1.1/../../../../arm-elf/lib\libg.a(atexit.o)
                              e:/eclipse_control/compiler/winarm/bin/../lib/gcc/arm-elf/4.1.1/../../../../arm-elf/lib/crt0.o (atexit)
e:/eclipse_control/compiler/winarm/bin/../lib/gcc/arm-elf/4.1.1/../../../../arm-elf/lib\libg.a(exit.o)
                              e:/eclipse_control/compiler/winarm/bin/../lib/gcc/arm-elf/4.1.1/../../../../arm-elf/lib/crt0.o (exit)
e:/eclipse_control/compiler/winarm/bin/../lib/gcc/arm-elf/4.1.1/../../../../arm-elf/lib\libg.a(impure.o)
                              e:/eclipse_control/compiler/winarm/bin/../lib/gcc/arm-elf/4.1.1/../../../../arm-elf/lib\libg.a(exit.o) (_global_impure_ptr)
e:/eclipse_control/compiler/winarm/bin/../lib/gcc/arm-elf/4.1.1/../../../../arm-elf/lib\libg.a(init.o)
                              e:/eclipse_control/compiler/winarm/bin/../lib/gcc/arm-elf/4.1.1/../../../../arm-elf/lib/crt0.o (__libc_fini_array)
e:/eclipse_control/compiler/winarm/bin/../lib/gcc/arm-elf/4.1.1/../../../../arm-elf/lib\libg.a(memset.o)
                              e:/eclipse_control/compiler/winarm/bin/../lib/gcc/arm-elf/4.1.1/../../../../arm-elf/lib/crt0.o (memset)
e:/eclipse_control/compiler/winarm/bin/../lib/gcc/arm-elf/4.1.1/../../../../arm-elf/lib\libg.a(__atexit.o)
                              e:/eclipse_control/compiler/winarm/bin/../lib/gcc/arm-elf/4.1.1/../../../../arm-elf/lib\libg.a(atexit.o) (__register_exitproc)
e:/eclipse_control/compiler/winarm/bin/../lib/gcc/arm-elf/4.1.1/../../../../arm-elf/lib\libg.a(__call_atexit.o)
                              e:/eclipse_control/compiler/winarm/bin/../lib/gcc/arm-elf/4.1.1/../../../../arm-elf/lib\libg.a(exit.o) (__call_exitprocs)
e:/eclipse_control/compiler/winarm/bin/../lib/gcc/arm-elf/4.1.1/../../../../arm-elf/lib\libg.a(malloc.o)
                              e:/eclipse_control/compiler/winarm/bin/../lib/gcc/arm-elf/4.1.1/../../../../arm-elf/lib\libg.a(__call_atexit.o) (free)
e:/eclipse_control/compiler/winarm/bin/../lib/gcc/arm-elf/4.1.1/../../../../arm-elf/lib\libg.a(mallocr.o)
                              e:/eclipse_control/compiler/winarm/bin/../lib/gcc/arm-elf/4.1.1/../../../../arm-elf/lib\libg.a(malloc.o) (_malloc_r)
e:/eclipse_control/compiler/winarm/bin/../lib/gcc/arm-elf/4.1.1/../../../../arm-elf/lib\libg.a(mlock.o)
                              e:/eclipse_control/compiler/winarm/bin/../lib/gcc/arm-elf/4.1.1/../../../../arm-elf/lib\libg.a(mallocr.o) (__malloc_lock)
e:/eclipse_control/compiler/winarm/bin/../lib/gcc/arm-elf/4.1.1/../../../../arm-elf/lib\libg.a(freer.o)
                              e:/eclipse_control/compiler/winarm/bin/../lib/gcc/arm-elf/4.1.1/../../../../arm-elf/lib\libg.a(malloc.o) (_free_r)

Allocating common symbols
Common symbol       size              file

req                 0x28              .release/control_io.o
res                 0x28              .release/control_io.o

Discarded input sections

 .text          0x00000000        0x0 e:/eclipse_control/compiler/winarm/bin/../lib/gcc/arm-elf/4.1.1/crti.o
 .data          0x00000000        0x0 e:/eclipse_control/compiler/winarm/bin/../lib/gcc/arm-elf/4.1.1/crti.o
 .bss           0x00000000        0x0 e:/eclipse_control/compiler/winarm/bin/../lib/gcc/arm-elf/4.1.1/crti.o
 .init          0x00000000        0x0 e:/eclipse_control/compiler/winarm/bin/../lib/gcc/arm-elf/4.1.1/crti.o
 .fini          0x00000000        0x0 e:/eclipse_control/compiler/winarm/bin/../lib/gcc/arm-elf/4.1.1/crti.o
 .text          0x00000000        0x0 e:/eclipse_control/compiler/winarm/bin/../lib/gcc/arm-elf/4.1.1/crtbegin.o
 .data          0x00000000        0x0 e:/eclipse_control/compiler/winarm/bin/../lib/gcc/arm-elf/4.1.1/crtbegin.o
 .bss           0x00000000        0x0 e:/eclipse_control/compiler/winarm/bin/../lib/gcc/arm-elf/4.1.1/crtbegin.o
 .ctors         0x00000000        0x0 e:/eclipse_control/compiler/winarm/bin/../lib/gcc/arm-elf/4.1.1/crtbegin.o
 .dtors         0x00000000        0x0 e:/eclipse_control/compiler/winarm/bin/../lib/gcc/arm-elf/4.1.1/crtbegin.o
 .eh_frame      0x00000000        0x0 e:/eclipse_control/compiler/winarm/bin/../lib/gcc/arm-elf/4.1.1/crtbegin.o
 .jcr           0x00000000        0x0 e:/eclipse_control/compiler/winarm/bin/../lib/gcc/arm-elf/4.1.1/crtbegin.o
 .fini          0x00000000        0x0 e:/eclipse_control/compiler/winarm/bin/../lib/gcc/arm-elf/4.1.1/crtbegin.o
 .init          0x00000000        0x0 e:/eclipse_control/compiler/winarm/bin/../lib/gcc/arm-elf/4.1.1/crtbegin.o
 .text          0x00000000        0x0 e:/eclipse_control/compiler/winarm/bin/../lib/gcc/arm-elf/4.1.1/../../../../arm-elf/lib/crt0.o
 .data          0x00000000        0x0 e:/eclipse_control/compiler/winarm/bin/../lib/gcc/arm-elf/4.1.1/../../../../arm-elf/lib/crt0.o
 .bss           0x00000000        0x0 e:/eclipse_control/compiler/winarm/bin/../lib/gcc/arm-elf/4.1.1/../../../../arm-elf/lib/crt0.o
 .text          0x00000000        0x0 .release/startup.o
 .data          0x00000000        0x0 .release/startup.o
 .bss           0x00000000        0x0 .release/startup.o
 .text          0x00000000        0x0 .release/main.o
 .data          0x00000000        0x0 .release/main.o
 .bss           0x00000000        0x0 .release/main.o
 .text          0x00000000        0x0 .release/control_io.o
 .data          0x00000000        0x0 .release/control_io.o
 .bss           0x00000000        0x0 .release/control_io.o
 .text.read_bit
                0x00000000        0x0 .release/control_io.o
 .text.write_bit
                0x00000000        0x0 .release/control_io.o
 .text.read_flag_bit
                0x00000000        0x0 .release/control_io.o
 .text.write_flag_bit
                0x00000000        0x0 .release/control_io.o
 .text.read_ossd
                0x00000000        0x0 .release/control_io.o
 COMMON         0x00000000        0x0 .release/control_io.o
 .text          0x00000000        0x0 e:/eclipse_control/compiler/winarm/bin/../lib/gcc/arm-elf/4.1.1/../../../../arm-elf/lib\libg.a(atexit.o)
 .data          0x00000000        0x0 e:/eclipse_control/compiler/winarm/bin/../lib/gcc/arm-elf/4.1.1/../../../../arm-elf/lib\libg.a(atexit.o)
 .bss           0x00000000        0x0 e:/eclipse_control/compiler/winarm/bin/../lib/gcc/arm-elf/4.1.1/../../../../arm-elf/lib\libg.a(atexit.o)
 .text          0x00000000        0x0 e:/eclipse_control/compiler/winarm/bin/../lib/gcc/arm-elf/4.1.1/../../../../arm-elf/lib\libg.a(exit.o)
 .data          0x00000000        0x0 e:/eclipse_control/compiler/winarm/bin/../lib/gcc/arm-elf/4.1.1/../../../../arm-elf/lib\libg.a(exit.o)
 .bss           0x00000000        0x0 e:/eclipse_control/compiler/winarm/bin/../lib/gcc/arm-elf/4.1.1/../../../../arm-elf/lib\libg.a(exit.o)
 .text          0x00000000        0x0 e:/eclipse_control/compiler/winarm/bin/../lib/gcc/arm-elf/4.1.1/../../../../arm-elf/lib\libg.a(impure.o)
 .data          0x00000000        0x0 e:/eclipse_control/compiler/winarm/bin/../lib/gcc/arm-elf/4.1.1/../../../../arm-elf/lib\libg.a(impure.o)
 .bss           0x00000000        0x0 e:/eclipse_control/compiler/winarm/bin/../lib/gcc/arm-elf/4.1.1/../../../../arm-elf/lib\libg.a(impure.o)
 .rodata        0x00000000        0x0 e:/eclipse_control/compiler/winarm/bin/../lib/gcc/arm-elf/4.1.1/../../../../arm-elf/lib\libg.a(impure.o)
 .rodata.str1.4
                0x00000000        0x0 e:/eclipse_control/compiler/winarm/bin/../lib/gcc/arm-elf/4.1.1/../../../../arm-elf/lib\libg.a(impure.o)
 .text          0x00000000        0x0 e:/eclipse_control/compiler/winarm/bin/../lib/gcc/arm-elf/4.1.1/../../../../arm-elf/lib\libg.a(init.o)
 .data          0x00000000        0x0 e:/eclipse_control/compiler/winarm/bin/../lib/gcc/arm-elf/4.1.1/../../../../arm-elf/lib\libg.a(init.o)
 .bss           0x00000000        0x0 e:/eclipse_control/compiler/winarm/bin/../lib/gcc/arm-elf/4.1.1/../../../../arm-elf/lib\libg.a(init.o)
 .text          0x00000000        0x0 e:/eclipse_control/compiler/winarm/bin/../lib/gcc/arm-elf/4.1.1/../../../../arm-elf/lib\libg.a(memset.o)
 .data          0x00000000        0x0 e:/eclipse_control/compiler/winarm/bin/../lib/gcc/arm-elf/4.1.1/../../../../arm-elf/lib\libg.a(memset.o)
 .bss           0x00000000        0x0 e:/eclipse_control/compiler/winarm/bin/../lib/gcc/arm-elf/4.1.1/../../../../arm-elf/lib\libg.a(memset.o)
 .text          0x00000000        0x0 e:/eclipse_control/compiler/winarm/bin/../lib/gcc/arm-elf/4.1.1/../../../../arm-elf/lib\libg.a(__atexit.o)
 .data          0x00000000        0x0 e:/eclipse_control/compiler/winarm/bin/../lib/gcc/arm-elf/4.1.1/../../../../arm-elf/lib\libg.a(__atexit.o)
 .bss           0x00000000        0x0 e:/eclipse_control/compiler/winarm/bin/../lib/gcc/arm-elf/4.1.1/../../../../arm-elf/lib\libg.a(__atexit.o)
 .text          0x00000000        0x0 e:/eclipse_control/compiler/winarm/bin/../lib/gcc/arm-elf/4.1.1/../../../../arm-elf/lib\libg.a(__call_atexit.o)
 .data          0x00000000        0x0 e:/eclipse_control/compiler/winarm/bin/../lib/gcc/arm-elf/4.1.1/../../../../arm-elf/lib\libg.a(__call_atexit.o)
 .bss           0x00000000        0x0 e:/eclipse_control/compiler/winarm/bin/../lib/gcc/arm-elf/4.1.1/../../../../arm-elf/lib\libg.a(__call_atexit.o)
 .text          0x00000000        0x0 e:/eclipse_control/compiler/winarm/bin/../lib/gcc/arm-elf/4.1.1/../../../../arm-elf/lib\libg.a(malloc.o)
 .data          0x00000000        0x0 e:/eclipse_control/compiler/winarm/bin/../lib/gcc/arm-elf/4.1.1/../../../../arm-elf/lib\libg.a(malloc.o)
 .bss           0x00000000        0x0 e:/eclipse_control/compiler/winarm/bin/../lib/gcc/arm-elf/4.1.1/../../../../arm-elf/lib\libg.a(malloc.o)
 .text          0x00000000        0x0 e:/eclipse_control/compiler/winarm/bin/../lib/gcc/arm-elf/4.1.1/../../../../arm-elf/lib\libg.a(mallocr.o)
 .data          0x00000000        0x0 e:/eclipse_control/compiler/winarm/bin/../lib/gcc/arm-elf/4.1.1/../../../../arm-elf/lib\libg.a(mallocr.o)
 .bss           0x00000000        0x0 e:/eclipse_control/compiler/winarm/bin/../lib/gcc/arm-elf/4.1.1/../../../../arm-elf/lib\libg.a(mallocr.o)
 .text          0x00000000        0x0 e:/eclipse_control/compiler/winarm/bin/../lib/gcc/arm-elf/4.1.1/../../../../arm-elf/lib\libg.a(mlock.o)
 .data          0x00000000        0x0 e:/eclipse_control/compiler/winarm/bin/../lib/gcc/arm-elf/4.1.1/../../../../arm-elf/lib\libg.a(mlock.o)
 .bss           0x00000000        0x0 e:/eclipse_control/compiler/winarm/bin/../lib/gcc/arm-elf/4.1.1/../../../../arm-elf/lib\libg.a(mlock.o)
 .text          0x00000000        0x0 e:/eclipse_control/compiler/winarm/bin/../lib/gcc/arm-elf/4.1.1/../../../../arm-elf/lib\libg.a(freer.o)
 .data          0x00000000        0x0 e:/eclipse_control/compiler/winarm/bin/../lib/gcc/arm-elf/4.1.1/../../../../arm-elf/lib\libg.a(freer.o)
 .bss           0x00000000        0x0 e:/eclipse_control/compiler/winarm/bin/../lib/gcc/arm-elf/4.1.1/../../../../arm-elf/lib\libg.a(freer.o)
 .text          0x00000000        0x0 e:/eclipse_control/compiler/winarm/bin/../lib/gcc/arm-elf/4.1.1/crtend.o
 .data          0x00000000        0x0 e:/eclipse_control/compiler/winarm/bin/../lib/gcc/arm-elf/4.1.1/crtend.o
 .bss           0x00000000        0x0 e:/eclipse_control/compiler/winarm/bin/../lib/gcc/arm-elf/4.1.1/crtend.o
 .ctors         0x00000000        0x0 e:/eclipse_control/compiler/winarm/bin/../lib/gcc/arm-elf/4.1.1/crtend.o
 .dtors         0x00000000        0x0 e:/eclipse_control/compiler/winarm/bin/../lib/gcc/arm-elf/4.1.1/crtend.o
 .eh_frame      0x00000000        0x0 e:/eclipse_control/compiler/winarm/bin/../lib/gcc/arm-elf/4.1.1/crtend.o
 .jcr           0x00000000        0x0 e:/eclipse_control/compiler/winarm/bin/../lib/gcc/arm-elf/4.1.1/crtend.o
 .init          0x00000000        0x0 e:/eclipse_control/compiler/winarm/bin/../lib/gcc/arm-elf/4.1.1/crtend.o
 .text          0x00000000        0x0 e:/eclipse_control/compiler/winarm/bin/../lib/gcc/arm-elf/4.1.1/crtn.o
 .data          0x00000000        0x0 e:/eclipse_control/compiler/winarm/bin/../lib/gcc/arm-elf/4.1.1/crtn.o
 .bss           0x00000000        0x0 e:/eclipse_control/compiler/winarm/bin/../lib/gcc/arm-elf/4.1.1/crtn.o
 .init          0x00000000        0x0 e:/eclipse_control/compiler/winarm/bin/../lib/gcc/arm-elf/4.1.1/crtn.o
 .fini          0x00000000        0x0 e:/eclipse_control/compiler/winarm/bin/../lib/gcc/arm-elf/4.1.1/crtn.o

Memory Configuration

Name             Origin             Length             Attributes
func             0x20f80000         0x00002000         rw
ram              0x20f82000         0x00040000         xr
*default*        0x00000000         0xffffffff

Linker script and memory map

LOAD e:/eclipse_control/compiler/winarm/bin/../lib/gcc/arm-elf/4.1.1/crti.o
LOAD e:/eclipse_control/compiler/winarm/bin/../lib/gcc/arm-elf/4.1.1/crtbegin.o
LOAD e:/eclipse_control/compiler/winarm/bin/../lib/gcc/arm-elf/4.1.1/../../../../arm-elf/lib/crt0.o
LOAD .release/startup.o
LOAD .release/main.o
LOAD .release/control_io.o
START GROUP
LOAD e:/eclipse_control/compiler/winarm/bin/../lib/gcc/arm-elf/4.1.1\libgcc.a
LOAD e:/eclipse_control/compiler/winarm/bin/../lib/gcc/arm-elf/4.1.1/../../../../arm-elf/lib\libg.a
LOAD e:/eclipse_control/compiler/winarm/bin/../lib/gcc/arm-elf/4.1.1/../../../../arm-elf/lib\libc.a
END GROUP
LOAD e:/eclipse_control/compiler/winarm/bin/../lib/gcc/arm-elf/4.1.1/crtend.o
LOAD e:/eclipse_control/compiler/winarm/bin/../lib/gcc/arm-elf/4.1.1/crtn.o

.text           0x20f82000      0x1f8
                0x20f82000                . = ALIGN (0x4)
 CREATE_OBJECT_SYMBOLS
 *(.startup)
 .startup       0x20f82000        0x8 .release/startup.o
                0x20f82000                start_vector
 *(.text*)
 .text.start_up
                0x20f82008       0x64 .release/startup.o
 .text.timer_function
                0x20f8206c       0x18 .release/main.o
 .text.main     0x20f82084      0x174 .release/main.o
                0x20f82084                main
 *(.gnu.warning)
 *(.gnu.linkonce.t.*)
 *(.init)
 *(.glue_7)
 .glue_7        0x20f821f8        0x0 e:/eclipse_control/compiler/winarm/bin/../lib/gcc/arm-elf/4.1.1/crti.o
 .glue_7        0x20f821f8        0x0 e:/eclipse_control/compiler/winarm/bin/../lib/gcc/arm-elf/4.1.1/crtbegin.o
 .glue_7        0x20f821f8        0x0 e:/eclipse_control/compiler/winarm/bin/../lib/gcc/arm-elf/4.1.1/../../../../arm-elf/lib/crt0.o
 .glue_7        0x20f821f8        0x0 .release/startup.o
 .glue_7        0x20f821f8        0x0 .release/main.o
 .glue_7        0x20f821f8        0x0 .release/control_io.o
 .glue_7        0x20f821f8        0x0 e:/eclipse_control/compiler/winarm/bin/../lib/gcc/arm-elf/4.1.1/../../../../arm-elf/lib\libg.a(atexit.o)
 .glue_7        0x20f821f8        0x0 e:/eclipse_control/compiler/winarm/bin/../lib/gcc/arm-elf/4.1.1/../../../../arm-elf/lib\libg.a(exit.o)
 .glue_7        0x20f821f8        0x0 e:/eclipse_control/compiler/winarm/bin/../lib/gcc/arm-elf/4.1.1/../../../../arm-elf/lib\libg.a(impure.o)
 .glue_7        0x20f821f8        0x0 e:/eclipse_control/compiler/winarm/bin/../lib/gcc/arm-elf/4.1.1/../../../../arm-elf/lib\libg.a(init.o)
 .glue_7        0x20f821f8        0x0 e:/eclipse_control/compiler/winarm/bin/../lib/gcc/arm-elf/4.1.1/../../../../arm-elf/lib\libg.a(memset.o)
 .glue_7        0x20f821f8        0x0 e:/eclipse_control/compiler/winarm/bin/../lib/gcc/arm-elf/4.1.1/../../../../arm-elf/lib\libg.a(__atexit.o)
 .glue_7        0x20f821f8        0x0 e:/eclipse_control/compiler/winarm/bin/../lib/gcc/arm-elf/4.1.1/../../../../arm-elf/lib\libg.a(__call_atexit.o)
 .glue_7        0x20f821f8        0x0 e:/eclipse_control/compiler/winarm/bin/../lib/gcc/arm-elf/4.1.1/../../../../arm-elf/lib\libg.a(malloc.o)
 .glue_7        0x20f821f8        0x0 e:/eclipse_control/compiler/winarm/bin/../lib/gcc/arm-elf/4.1.1/../../../../arm-elf/lib\libg.a(mallocr.o)
 .glue_7        0x20f821f8        0x0 e:/eclipse_control/compiler/winarm/bin/../lib/gcc/arm-elf/4.1.1/../../../../arm-elf/lib\libg.a(mlock.o)
 .glue_7        0x20f821f8        0x0 e:/eclipse_control/compiler/winarm/bin/../lib/gcc/arm-elf/4.1.1/../../../../arm-elf/lib\libg.a(freer.o)
 .glue_7        0x20f821f8        0x0 e:/eclipse_control/compiler/winarm/bin/../lib/gcc/arm-elf/4.1.1/crtend.o
 .glue_7        0x20f821f8        0x0 e:/eclipse_control/compiler/winarm/bin/../lib/gcc/arm-elf/4.1.1/crtn.o
 *(.glue_7t)
 .glue_7t       0x20f821f8        0x0 e:/eclipse_control/compiler/winarm/bin/../lib/gcc/arm-elf/4.1.1/crti.o
 .glue_7t       0x20f821f8        0x0 e:/eclipse_control/compiler/winarm/bin/../lib/gcc/arm-elf/4.1.1/crtbegin.o
 .glue_7t       0x20f821f8        0x0 e:/eclipse_control/compiler/winarm/bin/../lib/gcc/arm-elf/4.1.1/../../../../arm-elf/lib/crt0.o
 .glue_7t       0x20f821f8        0x0 .release/startup.o
 .glue_7t       0x20f821f8        0x0 .release/main.o
 .glue_7t       0x20f821f8        0x0 .release/control_io.o
 .glue_7t       0x20f821f8        0x0 e:/eclipse_control/compiler/winarm/bin/../lib/gcc/arm-elf/4.1.1/../../../../arm-elf/lib\libg.a(atexit.o)
 .glue_7t       0x20f821f8        0x0 e:/eclipse_control/compiler/winarm/bin/../lib/gcc/arm-elf/4.1.1/../../../../arm-elf/lib\libg.a(exit.o)
 .glue_7t       0x20f821f8        0x0 e:/eclipse_control/compiler/winarm/bin/../lib/gcc/arm-elf/4.1.1/../../../../arm-elf/lib\libg.a(impure.o)
 .glue_7t       0x20f821f8        0x0 e:/eclipse_control/compiler/winarm/bin/../lib/gcc/arm-elf/4.1.1/../../../../arm-elf/lib\libg.a(init.o)
 .glue_7t       0x20f821f8        0x0 e:/eclipse_control/compiler/winarm/bin/../lib/gcc/arm-elf/4.1.1/../../../../arm-elf/lib\libg.a(memset.o)
 .glue_7t       0x20f821f8        0x0 e:/eclipse_control/compiler/winarm/bin/../lib/gcc/arm-elf/4.1.1/../../../../arm-elf/lib\libg.a(__atexit.o)
 .glue_7t       0x20f821f8        0x0 e:/eclipse_control/compiler/winarm/bin/../lib/gcc/arm-elf/4.1.1/../../../../arm-elf/lib\libg.a(__call_atexit.o)
 .glue_7t       0x20f821f8        0x0 e:/eclipse_control/compiler/winarm/bin/../lib/gcc/arm-elf/4.1.1/../../../../arm-elf/lib\libg.a(malloc.o)
 .glue_7t       0x20f821f8        0x0 e:/eclipse_control/compiler/winarm/bin/../lib/gcc/arm-elf/4.1.1/../../../../arm-elf/lib\libg.a(mallocr.o)
 .glue_7t       0x20f821f8        0x0 e:/eclipse_control/compiler/winarm/bin/../lib/gcc/arm-elf/4.1.1/../../../../arm-elf/lib\libg.a(mlock.o)
 .glue_7t       0x20f821f8        0x0 e:/eclipse_control/compiler/winarm/bin/../lib/gcc/arm-elf/4.1.1/../../../../arm-elf/lib\libg.a(freer.o)
 .glue_7t       0x20f821f8        0x0 e:/eclipse_control/compiler/winarm/bin/../lib/gcc/arm-elf/4.1.1/crtend.o
 .glue_7t       0x20f821f8        0x0 e:/eclipse_control/compiler/winarm/bin/../lib/gcc/arm-elf/4.1.1/crtn.o
                0x20f821f8                . = ALIGN (0x4)

.rodata         0x20f821f8        0x0
                0x20f821f8                . = .
 *(.rodata*)
 *(.gnu.linkonce.r.*)
                0x20f821f8                __etext = .
                0x20f821f8                PROVIDE (__etext, .)

.data           0x20f821f8        0x0 load address 0x20f821f8
                0x20f821f8                . = ALIGN (0x4)
                0x20f821f8                __data_start = .
 *(.data .data.*)
 *(.gnu.linkonce.d.*)
                0x20f821f8                . = ALIGN (0x4)
                0x20f821f8                __edata = .
                0x20f821f8                PROVIDE (__edata, .)

.bss            0x20f821f8        0x4
                0x20f821f8                __bss_start = .
                0x20f821f8                __bss_start__ = .
 *(.bss .bss.*)
 .bss.system_ticks
                0x20f821f8        0x2 .release/main.o
 .bss.end_timer
                0x20f821fa        0x2 .release/main.o
 *(.gnu.linkonce.b.*)
 *(COMMON)
                0x20f821fc                . = ALIGN (0x4)
                0x20f821fc                __bss_end__ = .

.funcarea       0x20f80000      0x394
 *(.funcarea)
 .funcarea      0x20f80000      0x394 .release/startup.o
                0x20f80000                cctrl_func
                0x20f80394                _end = .
                0x20f80394                PROVIDE (end, .)
OUTPUT(.release/control.elf elf32-littlearm)

.debug_line     0x00000000      0x314
 .debug_line    0x00000000       0x49 e:/eclipse_control/compiler/winarm/bin/../lib/gcc/arm-elf/4.1.1/crti.o
 .debug_line    0x00000049       0x9d e:/eclipse_control/compiler/winarm/bin/../lib/gcc/arm-elf/4.1.1/../../../../arm-elf/lib/crt0.o
 .debug_line    0x000000e6       0x5c .release/startup.o
 .debug_line    0x00000142       0x7c .release/main.o
 .debug_line    0x000001be      0x10d .release/control_io.o
 .debug_line    0x000002cb       0x49 e:/eclipse_control/compiler/winarm/bin/../lib/gcc/arm-elf/4.1.1/crtn.o

.debug_info     0x00000000     0x73a4
 .debug_info    0x00000000       0x45 e:/eclipse_control/compiler/winarm/bin/../lib/gcc/arm-elf/4.1.1/crti.o
 .debug_info    0x00000045       0x85 e:/eclipse_control/compiler/winarm/bin/../lib/gcc/arm-elf/4.1.1/../../../../arm-elf/lib/crt0.o
 .debug_info    0x000000ca     0x259b .release/startup.o
 .debug_info    0x00002665     0x2600 .release/main.o
 .debug_info    0x00004c65     0x26fa .release/control_io.o
 .debug_info    0x0000735f       0x45 e:/eclipse_control/compiler/winarm/bin/../lib/gcc/arm-elf/4.1.1/crtn.o

.debug_abbrev   0x00000000      0x59d
 .debug_abbrev  0x00000000       0x10 e:/eclipse_control/compiler/winarm/bin/../lib/gcc/arm-elf/4.1.1/crti.o
 .debug_abbrev  0x00000010       0x14 e:/eclipse_control/compiler/winarm/bin/../lib/gcc/arm-elf/4.1.1/../../../../arm-elf/lib/crt0.o
 .debug_abbrev  0x00000024      0x184 .release/startup.o
 .debug_abbrev  0x000001a8      0x1aa .release/main.o
 .debug_abbrev  0x00000352      0x23b .release/control_io.o
 .debug_abbrev  0x0000058d       0x10 e:/eclipse_control/compiler/winarm/bin/../lib/gcc/arm-elf/4.1.1/crtn.o

.debug_aranges  0x00000000      0x110
 .debug_aranges
                0x00000000       0x28 e:/eclipse_control/compiler/winarm/bin/../lib/gcc/arm-elf/4.1.1/crti.o
 .debug_aranges
                0x00000028       0x20 e:/eclipse_control/compiler/winarm/bin/../lib/gcc/arm-elf/4.1.1/../../../../arm-elf/lib/crt0.o
 .debug_aranges
                0x00000048       0x28 .release/startup.o
 .debug_aranges
                0x00000070       0x30 .release/main.o
 .debug_aranges
                0x000000a0       0x48 .release/control_io.o
 .debug_aranges
                0x000000e8       0x28 e:/eclipse_control/compiler/winarm/bin/../lib/gcc/arm-elf/4.1.1/crtn.o

.comment        0x00000000      0x1b0
 .comment       0x00000000       0x1b e:/eclipse_control/compiler/winarm/bin/../lib/gcc/arm-elf/4.1.1/crtbegin.o
 .comment       0x0000001b       0x1b .release/startup.o
 .comment       0x00000036       0x1b .release/main.o
 .comment       0x00000051       0x1b .release/control_io.o
 .comment       0x0000006c       0x1b e:/eclipse_control/compiler/winarm/bin/../lib/gcc/arm-elf/4.1.1/../../../../arm-elf/lib\libg.a(atexit.o)
 .comment       0x00000087       0x1b e:/eclipse_control/compiler/winarm/bin/../lib/gcc/arm-elf/4.1.1/../../../../arm-elf/lib\libg.a(exit.o)
 .comment       0x000000a2       0x1b e:/eclipse_control/compiler/winarm/bin/../lib/gcc/arm-elf/4.1.1/../../../../arm-elf/lib\libg.a(impure.o)
 .comment       0x000000bd       0x1b e:/eclipse_control/compiler/winarm/bin/../lib/gcc/arm-elf/4.1.1/../../../../arm-elf/lib\libg.a(init.o)
 .comment       0x000000d8       0x1b e:/eclipse_control/compiler/winarm/bin/../lib/gcc/arm-elf/4.1.1/../../../../arm-elf/lib\libg.a(memset.o)
 .comment       0x000000f3       0x1b e:/eclipse_control/compiler/winarm/bin/../lib/gcc/arm-elf/4.1.1/../../../../arm-elf/lib\libg.a(__atexit.o)
 .comment       0x0000010e       0x1b e:/eclipse_control/compiler/winarm/bin/../lib/gcc/arm-elf/4.1.1/../../../../arm-elf/lib\libg.a(__call_atexit.o)
 .comment       0x00000129       0x1b e:/eclipse_control/compiler/winarm/bin/../lib/gcc/arm-elf/4.1.1/../../../../arm-elf/lib\libg.a(malloc.o)
 .comment       0x00000144       0x1b e:/eclipse_control/compiler/winarm/bin/../lib/gcc/arm-elf/4.1.1/../../../../arm-elf/lib\libg.a(mallocr.o)
 .comment       0x0000015f       0x1b e:/eclipse_control/compiler/winarm/bin/../lib/gcc/arm-elf/4.1.1/../../../../arm-elf/lib\libg.a(mlock.o)
 .comment       0x0000017a       0x1b e:/eclipse_control/compiler/winarm/bin/../lib/gcc/arm-elf/4.1.1/../../../../arm-elf/lib\libg.a(freer.o)
 .comment       0x00000195       0x1b e:/eclipse_control/compiler/winarm/bin/../lib/gcc/arm-elf/4.1.1/crtend.o

.debug_frame    0x00000000       0xf8
 .debug_frame   0x00000000       0x20 .release/startup.o
 .debug_frame   0x00000020       0x4c .release/main.o
 .debug_frame   0x0000006c       0x8c .release/control_io.o

.debug_loc      0x00000000      0x244
 .debug_loc     0x00000000       0x29 .release/startup.o
 .debug_loc     0x00000029       0x8a .release/main.o
 .debug_loc     0x000000b3      0x191 .release/control_io.o

.debug_pubnames
                0x00000000       0xbd
 .debug_pubnames
                0x00000000       0x32 .release/startup.o
 .debug_pubnames
                0x00000032       0x1b .release/main.o
 .debug_pubnames
                0x0000004d       0x70 .release/control_io.o

.debug_str      0x00000000     0x2abd
 .debug_str     0x00000000     0x297f .release/startup.o
                               0x29c1 (size before relaxing)
 .debug_str     0x0000297f       0xa4 .release/main.o
                               0x29d8 (size before relaxing)
 .debug_str     0x00002a23       0x9a .release/control_io.o
                               0x2a04 (size before relaxing)

Cross Reference Table

Symbol                                            File
_Jv_RegisterClasses                               e:/eclipse_control/compiler/winarm/bin/../lib/gcc/arm-elf/4.1.1/crtbegin.o
__bss_end__                                       .release/startup.o
                                                  e:/eclipse_control/compiler/winarm/bin/../lib/gcc/arm-elf/4.1.1/../../../../arm-elf/lib/crt0.o
__bss_start__                                     .release/startup.o
                                                  e:/eclipse_control/compiler/winarm/bin/../lib/gcc/arm-elf/4.1.1/../../../../arm-elf/lib/crt0.o
__call_exitprocs                                  e:/eclipse_control/compiler/winarm/bin/../lib/gcc/arm-elf/4.1.1/../../../../arm-elf/lib\libg.a(__call_atexit.o)
                                                  e:/eclipse_control/compiler/winarm/bin/../lib/gcc/arm-elf/4.1.1/../../../../arm-elf/lib\libg.a(exit.o)
__data_start                                      .release/startup.o
__deregister_frame_info                           e:/eclipse_control/compiler/winarm/bin/../lib/gcc/arm-elf/4.1.1/crtbegin.o
__dso_handle                                      e:/eclipse_control/compiler/winarm/bin/../lib/gcc/arm-elf/4.1.1/crtbegin.o
__edata                                           .release/startup.o
__etext                                           .release/startup.o
__fini_array_end                                  e:/eclipse_control/compiler/winarm/bin/../lib/gcc/arm-elf/4.1.1/../../../../arm-elf/lib\libg.a(init.o)
__fini_array_start                                e:/eclipse_control/compiler/winarm/bin/../lib/gcc/arm-elf/4.1.1/../../../../arm-elf/lib\libg.a(init.o)
__init_array_end                                  e:/eclipse_control/compiler/winarm/bin/../lib/gcc/arm-elf/4.1.1/../../../../arm-elf/lib\libg.a(init.o)
__init_array_start                                e:/eclipse_control/compiler/winarm/bin/../lib/gcc/arm-elf/4.1.1/../../../../arm-elf/lib\libg.a(init.o)
__libc_fini_array                                 e:/eclipse_control/compiler/winarm/bin/../lib/gcc/arm-elf/4.1.1/../../../../arm-elf/lib\libg.a(init.o)
                                                  e:/eclipse_control/compiler/winarm/bin/../lib/gcc/arm-elf/4.1.1/../../../../arm-elf/lib/crt0.o
__libc_init_array                                 e:/eclipse_control/compiler/winarm/bin/../lib/gcc/arm-elf/4.1.1/../../../../arm-elf/lib\libg.a(init.o)
                                                  e:/eclipse_control/compiler/winarm/bin/../lib/gcc/arm-elf/4.1.1/../../../../arm-elf/lib/crt0.o
__malloc_av_                                      e:/eclipse_control/compiler/winarm/bin/../lib/gcc/arm-elf/4.1.1/../../../../arm-elf/lib\libg.a(mallocr.o)
                                                  e:/eclipse_control/compiler/winarm/bin/../lib/gcc/arm-elf/4.1.1/../../../../arm-elf/lib\libg.a(freer.o)
__malloc_current_mallinfo                         e:/eclipse_control/compiler/winarm/bin/../lib/gcc/arm-elf/4.1.1/../../../../arm-elf/lib\libg.a(mallocr.o)
                                                  e:/eclipse_control/compiler/winarm/bin/../lib/gcc/arm-elf/4.1.1/../../../../arm-elf/lib\libg.a(freer.o)
__malloc_lock                                     e:/eclipse_control/compiler/winarm/bin/../lib/gcc/arm-elf/4.1.1/../../../../arm-elf/lib\libg.a(mlock.o)
                                                  e:/eclipse_control/compiler/winarm/bin/../lib/gcc/arm-elf/4.1.1/../../../../arm-elf/lib\libg.a(freer.o)
                                                  e:/eclipse_control/compiler/winarm/bin/../lib/gcc/arm-elf/4.1.1/../../../../arm-elf/lib\libg.a(mallocr.o)
__malloc_max_sbrked_mem                           e:/eclipse_control/compiler/winarm/bin/../lib/gcc/arm-elf/4.1.1/../../../../arm-elf/lib\libg.a(mallocr.o)
__malloc_max_total_mem                            e:/eclipse_control/compiler/winarm/bin/../lib/gcc/arm-elf/4.1.1/../../../../arm-elf/lib\libg.a(mallocr.o)
__malloc_sbrk_base                                e:/eclipse_control/compiler/winarm/bin/../lib/gcc/arm-elf/4.1.1/../../../../arm-elf/lib\libg.a(mallocr.o)
                                                  e:/eclipse_control/compiler/winarm/bin/../lib/gcc/arm-elf/4.1.1/../../../../arm-elf/lib\libg.a(freer.o)
__malloc_top_pad                                  e:/eclipse_control/compiler/winarm/bin/../lib/gcc/arm-elf/4.1.1/../../../../arm-elf/lib\libg.a(mallocr.o)
                                                  e:/eclipse_control/compiler/winarm/bin/../lib/gcc/arm-elf/4.1.1/../../../../arm-elf/lib\libg.a(freer.o)
__malloc_trim_threshold                           e:/eclipse_control/compiler/winarm/bin/../lib/gcc/arm-elf/4.1.1/../../../../arm-elf/lib\libg.a(mallocr.o)
                                                  e:/eclipse_control/compiler/winarm/bin/../lib/gcc/arm-elf/4.1.1/../../../../arm-elf/lib\libg.a(freer.o)
__malloc_unlock                                   e:/eclipse_control/compiler/winarm/bin/../lib/gcc/arm-elf/4.1.1/../../../../arm-elf/lib\libg.a(mlock.o)
                                                  e:/eclipse_control/compiler/winarm/bin/../lib/gcc/arm-elf/4.1.1/../../../../arm-elf/lib\libg.a(freer.o)
                                                  e:/eclipse_control/compiler/winarm/bin/../lib/gcc/arm-elf/4.1.1/../../../../arm-elf/lib\libg.a(mallocr.o)
__preinit_array_end                               e:/eclipse_control/compiler/winarm/bin/../lib/gcc/arm-elf/4.1.1/../../../../arm-elf/lib\libg.a(init.o)
__preinit_array_start                             e:/eclipse_control/compiler/winarm/bin/../lib/gcc/arm-elf/4.1.1/../../../../arm-elf/lib\libg.a(init.o)
__register_exitproc                               e:/eclipse_control/compiler/winarm/bin/../lib/gcc/arm-elf/4.1.1/../../../../arm-elf/lib\libg.a(__atexit.o)
                                                  e:/eclipse_control/compiler/winarm/bin/../lib/gcc/arm-elf/4.1.1/../../../../arm-elf/lib\libg.a(atexit.o)
__register_frame_info                             e:/eclipse_control/compiler/winarm/bin/../lib/gcc/arm-elf/4.1.1/crtbegin.o
__stack                                           e:/eclipse_control/compiler/winarm/bin/../lib/gcc/arm-elf/4.1.1/../../../../arm-elf/lib/crt0.o
_exit                                             e:/eclipse_control/compiler/winarm/bin/../lib/gcc/arm-elf/4.1.1/../../../../arm-elf/lib\libg.a(exit.o)
_fini                                             e:/eclipse_control/compiler/winarm/bin/../lib/gcc/arm-elf/4.1.1/crti.o
                                                  e:/eclipse_control/compiler/winarm/bin/../lib/gcc/arm-elf/4.1.1/../../../../arm-elf/lib\libg.a(init.o)
_free_r                                           e:/eclipse_control/compiler/winarm/bin/../lib/gcc/arm-elf/4.1.1/../../../../arm-elf/lib\libg.a(freer.o)
                                                  e:/eclipse_control/compiler/winarm/bin/../lib/gcc/arm-elf/4.1.1/../../../../arm-elf/lib\libg.a(mallocr.o)
                                                  e:/eclipse_control/compiler/winarm/bin/../lib/gcc/arm-elf/4.1.1/../../../../arm-elf/lib\libg.a(malloc.o)
_global_impure_ptr                                e:/eclipse_control/compiler/winarm/bin/../lib/gcc/arm-elf/4.1.1/../../../../arm-elf/lib\libg.a(impure.o)
                                                  e:/eclipse_control/compiler/winarm/bin/../lib/gcc/arm-elf/4.1.1/../../../../arm-elf/lib\libg.a(__call_atexit.o)
                                                  e:/eclipse_control/compiler/winarm/bin/../lib/gcc/arm-elf/4.1.1/../../../../arm-elf/lib\libg.a(__atexit.o)
                                                  e:/eclipse_control/compiler/winarm/bin/../lib/gcc/arm-elf/4.1.1/../../../../arm-elf/lib\libg.a(exit.o)
_impure_ptr                                       e:/eclipse_control/compiler/winarm/bin/../lib/gcc/arm-elf/4.1.1/../../../../arm-elf/lib\libg.a(impure.o)
                                                  e:/eclipse_control/compiler/winarm/bin/../lib/gcc/arm-elf/4.1.1/../../../../arm-elf/lib\libg.a(malloc.o)
_init                                             e:/eclipse_control/compiler/winarm/bin/../lib/gcc/arm-elf/4.1.1/crti.o
                                                  e:/eclipse_control/compiler/winarm/bin/../lib/gcc/arm-elf/4.1.1/../../../../arm-elf/lib\libg.a(init.o)
_mainCRTStartup                                   e:/eclipse_control/compiler/winarm/bin/../lib/gcc/arm-elf/4.1.1/../../../../arm-elf/lib/crt0.o
_malloc_r                                         e:/eclipse_control/compiler/winarm/bin/../lib/gcc/arm-elf/4.1.1/../../../../arm-elf/lib\libg.a(mallocr.o)
                                                  e:/eclipse_control/compiler/winarm/bin/../lib/gcc/arm-elf/4.1.1/../../../../arm-elf/lib\libg.a(malloc.o)
_malloc_trim_r                                    e:/eclipse_control/compiler/winarm/bin/../lib/gcc/arm-elf/4.1.1/../../../../arm-elf/lib\libg.a(freer.o)
_sbrk_r                                           e:/eclipse_control/compiler/winarm/bin/../lib/gcc/arm-elf/4.1.1/../../../../arm-elf/lib\libg.a(freer.o)
                                                  e:/eclipse_control/compiler/winarm/bin/../lib/gcc/arm-elf/4.1.1/../../../../arm-elf/lib\libg.a(mallocr.o)
_start                                            e:/eclipse_control/compiler/winarm/bin/../lib/gcc/arm-elf/4.1.1/../../../../arm-elf/lib/crt0.o
atexit                                            e:/eclipse_control/compiler/winarm/bin/../lib/gcc/arm-elf/4.1.1/../../../../arm-elf/lib\libg.a(atexit.o)
                                                  e:/eclipse_control/compiler/winarm/bin/../lib/gcc/arm-elf/4.1.1/../../../../arm-elf/lib/crt0.o
cctrl_func                                        .release/startup.o
                                                  .release/control_io.o
                                                  .release/main.o
exit                                              e:/eclipse_control/compiler/winarm/bin/../lib/gcc/arm-elf/4.1.1/../../../../arm-elf/lib\libg.a(exit.o)
                                                  e:/eclipse_control/compiler/winarm/bin/../lib/gcc/arm-elf/4.1.1/../../../../arm-elf/lib/crt0.o
free                                              e:/eclipse_control/compiler/winarm/bin/../lib/gcc/arm-elf/4.1.1/../../../../arm-elf/lib\libg.a(malloc.o)
                                                  e:/eclipse_control/compiler/winarm/bin/../lib/gcc/arm-elf/4.1.1/../../../../arm-elf/lib\libg.a(__call_atexit.o)
hardware_init_hook                                e:/eclipse_control/compiler/winarm/bin/../lib/gcc/arm-elf/4.1.1/../../../../arm-elf/lib/crt0.o
main                                              .release/main.o
                                                  .release/startup.o
                                                  e:/eclipse_control/compiler/winarm/bin/../lib/gcc/arm-elf/4.1.1/../../../../arm-elf/lib/crt0.o
malloc                                            e:/eclipse_control/compiler/winarm/bin/../lib/gcc/arm-elf/4.1.1/../../../../arm-elf/lib\libg.a(malloc.o)
                                                  e:/eclipse_control/compiler/winarm/bin/../lib/gcc/arm-elf/4.1.1/../../../../arm-elf/lib\libg.a(__atexit.o)
memset                                            e:/eclipse_control/compiler/winarm/bin/../lib/gcc/arm-elf/4.1.1/../../../../arm-elf/lib\libg.a(memset.o)
                                                  e:/eclipse_control/compiler/winarm/bin/../lib/gcc/arm-elf/4.1.1/../../../../arm-elf/lib/crt0.o
read_bit                                          .release/control_io.o
read_flag_bit                                     .release/control_io.o
read_ossd                                         .release/control_io.o
req                                               .release/control_io.o
res                                               .release/control_io.o
software_init_hook                                e:/eclipse_control/compiler/winarm/bin/../lib/gcc/arm-elf/4.1.1/../../../../arm-elf/lib/crt0.o
start                                             e:/eclipse_control/compiler/winarm/bin/../lib/gcc/arm-elf/4.1.1/../../../../arm-elf/lib/crt0.o
start_vector                                      .release/startup.o
write_bit                                         .release/control_io.o
write_flag_bit                                    .release/control_io.o
