
Discarded input sections

 .text          0x00000000        0x0 c:/eclipse_control/compiler/altera/mentor/gnu/arm/baremetal/bin/../lib/gcc/arm-altera-eabi/4.9.1/crti.o
 .data          0x00000000        0x0 c:/eclipse_control/compiler/altera/mentor/gnu/arm/baremetal/bin/../lib/gcc/arm-altera-eabi/4.9.1/crti.o
 .bss           0x00000000        0x0 c:/eclipse_control/compiler/altera/mentor/gnu/arm/baremetal/bin/../lib/gcc/arm-altera-eabi/4.9.1/crti.o
 .init          0x00000000        0xc c:/eclipse_control/compiler/altera/mentor/gnu/arm/baremetal/bin/../lib/gcc/arm-altera-eabi/4.9.1/crti.o
 .fini          0x00000000        0xc c:/eclipse_control/compiler/altera/mentor/gnu/arm/baremetal/bin/../lib/gcc/arm-altera-eabi/4.9.1/crti.o
 .ARM.attributes
                0x00000000       0x16 c:/eclipse_control/compiler/altera/mentor/gnu/arm/baremetal/bin/../lib/gcc/arm-altera-eabi/4.9.1/crti.o
 .text          0x00000000      0x108 c:/eclipse_control/compiler/altera/mentor/gnu/arm/baremetal/bin/../lib/gcc/arm-altera-eabi/4.9.1/crtbegin.o
 .data          0x00000000        0x4 c:/eclipse_control/compiler/altera/mentor/gnu/arm/baremetal/bin/../lib/gcc/arm-altera-eabi/4.9.1/crtbegin.o
 .bss           0x00000000       0x1c c:/eclipse_control/compiler/altera/mentor/gnu/arm/baremetal/bin/../lib/gcc/arm-altera-eabi/4.9.1/crtbegin.o
 .init_array    0x00000000        0x4 c:/eclipse_control/compiler/altera/mentor/gnu/arm/baremetal/bin/../lib/gcc/arm-altera-eabi/4.9.1/crtbegin.o
 .fini_array    0x00000000        0x4 c:/eclipse_control/compiler/altera/mentor/gnu/arm/baremetal/bin/../lib/gcc/arm-altera-eabi/4.9.1/crtbegin.o
 .eh_frame      0x00000000        0x0 c:/eclipse_control/compiler/altera/mentor/gnu/arm/baremetal/bin/../lib/gcc/arm-altera-eabi/4.9.1/crtbegin.o
 .jcr           0x00000000        0x0 c:/eclipse_control/compiler/altera/mentor/gnu/arm/baremetal/bin/../lib/gcc/arm-altera-eabi/4.9.1/crtbegin.o
 .tm_clone_table
                0x00000000        0x0 c:/eclipse_control/compiler/altera/mentor/gnu/arm/baremetal/bin/../lib/gcc/arm-altera-eabi/4.9.1/crtbegin.o
 .ARM.attributes
                0x00000000       0x30 c:/eclipse_control/compiler/altera/mentor/gnu/arm/baremetal/bin/../lib/gcc/arm-altera-eabi/4.9.1/crtbegin.o
 .text          0x00000000        0x0 .release/startup.o
 .data          0x00000000        0x0 .release/startup.o
 .bss           0x00000000        0x0 .release/startup.o
 .text          0x00000000        0x0 .release/main.o
 .data          0x00000000        0x0 .release/main.o
 .bss           0x00000000        0x0 .release/main.o
 .text          0x00000000        0x0 .release/control_io.o
 .data          0x00000000        0x0 .release/control_io.o
 .bss           0x00000000        0x0 .release/control_io.o
 .text.read_bit
                0x00000000       0x60 .release/control_io.o
 .text.write_bit
                0x00000000       0x4c .release/control_io.o
 .text.read_flag_bit
                0x00000000       0x44 .release/control_io.o
 .text.write_flag_bit
                0x00000000       0x38 .release/control_io.o
 .text.read_ossd
                0x00000000      0x188 .release/control_io.o
 .debug_info    0x00000000     0x24d5 .release/control_io.o
 .debug_abbrev  0x00000000      0x232 .release/control_io.o
 .debug_loc     0x00000000      0x83d .release/control_io.o
 .debug_aranges
                0x00000000       0x40 .release/control_io.o
 .debug_ranges  0x00000000       0x30 .release/control_io.o
 .debug_line    0x00000000      0x13c .release/control_io.o
 .debug_str     0x00000000     0x2a74 .release/control_io.o
 .comment       0x00000000       0x31 .release/control_io.o
 .ARM.attributes
                0x00000000       0x30 .release/control_io.o
 .debug_frame   0x00000000       0x88 .release/control_io.o
 .text          0x00000000        0x0 c:/eclipse_control/compiler/altera/mentor/gnu/arm/baremetal/bin/../lib/gcc/arm-altera-eabi/4.9.1/crtend.o
 .data          0x00000000        0x0 c:/eclipse_control/compiler/altera/mentor/gnu/arm/baremetal/bin/../lib/gcc/arm-altera-eabi/4.9.1/crtend.o
 .bss           0x00000000        0x0 c:/eclipse_control/compiler/altera/mentor/gnu/arm/baremetal/bin/../lib/gcc/arm-altera-eabi/4.9.1/crtend.o
 .eh_frame      0x00000000        0x4 c:/eclipse_control/compiler/altera/mentor/gnu/arm/baremetal/bin/../lib/gcc/arm-altera-eabi/4.9.1/crtend.o
 .jcr           0x00000000        0x4 c:/eclipse_control/compiler/altera/mentor/gnu/arm/baremetal/bin/../lib/gcc/arm-altera-eabi/4.9.1/crtend.o
 .tm_clone_table
                0x00000000        0x0 c:/eclipse_control/compiler/altera/mentor/gnu/arm/baremetal/bin/../lib/gcc/arm-altera-eabi/4.9.1/crtend.o
 .ARM.attributes
                0x00000000       0x30 c:/eclipse_control/compiler/altera/mentor/gnu/arm/baremetal/bin/../lib/gcc/arm-altera-eabi/4.9.1/crtend.o
 .text          0x00000000        0x0 c:/eclipse_control/compiler/altera/mentor/gnu/arm/baremetal/bin/../lib/gcc/arm-altera-eabi/4.9.1/crtn.o
 .data          0x00000000        0x0 c:/eclipse_control/compiler/altera/mentor/gnu/arm/baremetal/bin/../lib/gcc/arm-altera-eabi/4.9.1/crtn.o
 .bss           0x00000000        0x0 c:/eclipse_control/compiler/altera/mentor/gnu/arm/baremetal/bin/../lib/gcc/arm-altera-eabi/4.9.1/crtn.o
 .init          0x00000000        0xc c:/eclipse_control/compiler/altera/mentor/gnu/arm/baremetal/bin/../lib/gcc/arm-altera-eabi/4.9.1/crtn.o
 .fini          0x00000000        0xc c:/eclipse_control/compiler/altera/mentor/gnu/arm/baremetal/bin/../lib/gcc/arm-altera-eabi/4.9.1/crtn.o
 .ARM.attributes
                0x00000000       0x18 c:/eclipse_control/compiler/altera/mentor/gnu/arm/baremetal/bin/../lib/gcc/arm-altera-eabi/4.9.1/crtn.o

Memory Configuration

Name             Origin             Length             Attributes
func             0x07000000         0x00002000         xr
ram              0x07002000         0x00040000         rw
*default*        0x00000000         0xffffffff

Linker script and memory map

LOAD c:/eclipse_control/compiler/altera/mentor/gnu/arm/baremetal/bin/../lib/gcc/arm-altera-eabi/4.9.1/crti.o
LOAD c:/eclipse_control/compiler/altera/mentor/gnu/arm/baremetal/bin/../lib/gcc/arm-altera-eabi/4.9.1/crtbegin.o
LOAD .release/startup.o
LOAD .release/main.o
LOAD .release/control_io.o
START GROUP
LOAD c:/eclipse_control/compiler/altera/mentor/gnu/arm/baremetal/bin/../lib/gcc/arm-altera-eabi/4.9.1\libgcc.a
LOAD c:/eclipse_control/compiler/altera/mentor/gnu/arm/baremetal/bin/../lib/gcc/arm-altera-eabi/4.9.1/../../../../arm-altera-eabi/lib\libc.a
END GROUP
LOAD c:/eclipse_control/compiler/altera/mentor/gnu/arm/baremetal/bin/../lib/gcc/arm-altera-eabi/4.9.1/crtend.o
LOAD c:/eclipse_control/compiler/altera/mentor/gnu/arm/baremetal/bin/../lib/gcc/arm-altera-eabi/4.9.1/crtn.o

.funcarea       0x07000000      0x394
 *(.funcarea)
 .funcarea      0x07000000      0x394 .release/startup.o
                0x07000000                cctrl_func
                0x07000394                _end = .
                0x07000394                PROVIDE (end, .)

.text           0x07002000      0x1ec
                0x07002000                . = ALIGN (0x4)
 CREATE_OBJECT_SYMBOLS
 *(.startup)
 .startup       0x07002000        0x8 .release/startup.o
                0x07002000                start_vector
 *(.text*)
 .text.start_up
                0x07002008       0x58 .release/startup.o
 .text.timer_function
                0x07002060       0x18 .release/main.o
 .text.startup.main
                0x07002078      0x174 .release/main.o
                0x07002078                main
 *(.gnu.warning)
 *(.gnu.linkonce.t.*)
 *(.init)
 *(.glue_7)
 .glue_7        0x00000000        0x0 linker stubs
 *(.glue_7t)
 .glue_7t       0x00000000        0x0 linker stubs
                0x070021ec                . = ALIGN (0x4)

.vfp11_veneer   0x070021ec        0x0
 .vfp11_veneer  0x00000000        0x0 linker stubs

.v4_bx          0x070021ec        0x0
 .v4_bx         0x00000000        0x0 linker stubs

.iplt           0x070021ec        0x0
 .iplt          0x00000000        0x0 c:/eclipse_control/compiler/altera/mentor/gnu/arm/baremetal/bin/../lib/gcc/arm-altera-eabi/4.9.1/crtbegin.o

.rel.dyn        0x070021ec        0x0
 .rel.iplt      0x00000000        0x0 c:/eclipse_control/compiler/altera/mentor/gnu/arm/baremetal/bin/../lib/gcc/arm-altera-eabi/4.9.1/crtbegin.o

.rodata         0x070021ec        0x0
                0x070021ec                . = .
 *(.rodata*)
 *(.gnu.linkonce.r.*)
                0x070021ec                __etext = .
                0x070021ec                PROVIDE (__etext, .)

.data           0x070021ec        0x0
                0x070021ec                . = ALIGN (0x4)
                0x070021ec                __data_start = .
 *(.data .data.*)
 *(.gnu.linkonce.d.*)

.igot.plt       0x070021ec        0x0
 .igot.plt      0x00000000        0x0 c:/eclipse_control/compiler/altera/mentor/gnu/arm/baremetal/bin/../lib/gcc/arm-altera-eabi/4.9.1/crtbegin.o
                0x070021ec                . = ALIGN (0x4)
                0x070021ec                __edata = .
                0x070021ec                PROVIDE (__edata, .)

.bss            0x070021ec        0x4
                0x070021ec                __bss_start = .
                0x070021ec                __bss_start__ = .
 *(.bss .bss.*)
 .bss.system_ticks
                0x070021ec        0x2 .release/main.o
 .bss.end_timer
                0x070021ee        0x2 .release/main.o
 *(.gnu.linkonce.b.*)
 *(COMMON)
                0x070021f0                . = ALIGN (0x4)
                0x070021f0                __bss_end__ = .
OUTPUT(.release/control.elf elf32-littlearm)

.debug_info     0x00000000     0x481f
 .debug_info    0x00000000     0x2376 .release/startup.o
 .debug_info    0x00002376     0x24a9 .release/main.o

.debug_abbrev   0x00000000      0x3aa
 .debug_abbrev  0x00000000      0x1c7 .release/startup.o
 .debug_abbrev  0x000001c7      0x1e3 .release/main.o

.debug_loc      0x00000000       0x54
 .debug_loc     0x00000000       0x1e .release/startup.o
 .debug_loc     0x0000001e       0x36 .release/main.o

.debug_aranges  0x00000000       0x48
 .debug_aranges
                0x00000000       0x20 .release/startup.o
 .debug_aranges
                0x00000020       0x28 .release/main.o

.debug_ranges   0x00000000       0x28
 .debug_ranges  0x00000000       0x10 .release/startup.o
 .debug_ranges  0x00000010       0x18 .release/main.o

.debug_line     0x00000000       0xec
 .debug_line    0x00000000       0x5a .release/startup.o
 .debug_line    0x0000005a       0x92 .release/main.o

.debug_str      0x00000000     0x2a5d
 .debug_str     0x00000000     0x29ef .release/startup.o
                               0x2a36 (size before relaxing)
 .debug_str     0x000029ef       0x6e .release/main.o
                               0x2a59 (size before relaxing)

.comment        0x00000000       0x30
 .comment       0x00000000       0x30 .release/startup.o
                                 0x31 (size before relaxing)
 .comment       0x00000000       0x31 .release/main.o

.ARM.attributes
                0x00000000       0x2e
 .ARM.attributes
                0x00000000       0x30 .release/startup.o
 .ARM.attributes
                0x00000030       0x30 .release/main.o

.debug_frame    0x00000000       0x7c
 .debug_frame   0x00000000       0x2c .release/startup.o
 .debug_frame   0x0000002c       0x50 .release/main.o

Cross Reference Table

Symbol                                            File
_ITM_deregisterTMCloneTable                       c:/eclipse_control/compiler/altera/mentor/gnu/arm/baremetal/bin/../lib/gcc/arm-altera-eabi/4.9.1/crtbegin.o
_ITM_registerTMCloneTable                         c:/eclipse_control/compiler/altera/mentor/gnu/arm/baremetal/bin/../lib/gcc/arm-altera-eabi/4.9.1/crtbegin.o
_Jv_RegisterClasses                               c:/eclipse_control/compiler/altera/mentor/gnu/arm/baremetal/bin/../lib/gcc/arm-altera-eabi/4.9.1/crtbegin.o
__TMC_END__                                       c:/eclipse_control/compiler/altera/mentor/gnu/arm/baremetal/bin/../lib/gcc/arm-altera-eabi/4.9.1/crtend.o
                                                  c:/eclipse_control/compiler/altera/mentor/gnu/arm/baremetal/bin/../lib/gcc/arm-altera-eabi/4.9.1/crtbegin.o
__bss_end__                                       .release/startup.o
__bss_start__                                     .release/startup.o
__data_start                                      .release/startup.o
__deregister_frame_info                           c:/eclipse_control/compiler/altera/mentor/gnu/arm/baremetal/bin/../lib/gcc/arm-altera-eabi/4.9.1/crtbegin.o
__dso_handle                                      c:/eclipse_control/compiler/altera/mentor/gnu/arm/baremetal/bin/../lib/gcc/arm-altera-eabi/4.9.1/crtbegin.o
__edata                                           .release/startup.o
__etext                                           .release/startup.o
__register_frame_info                             c:/eclipse_control/compiler/altera/mentor/gnu/arm/baremetal/bin/../lib/gcc/arm-altera-eabi/4.9.1/crtbegin.o
_fini                                             c:/eclipse_control/compiler/altera/mentor/gnu/arm/baremetal/bin/../lib/gcc/arm-altera-eabi/4.9.1/crti.o
_init                                             c:/eclipse_control/compiler/altera/mentor/gnu/arm/baremetal/bin/../lib/gcc/arm-altera-eabi/4.9.1/crti.o
cctrl_func                                        .release/startup.o
                                                  .release/control_io.o
                                                  .release/main.o
main                                              .release/main.o
                                                  .release/startup.o
read_bit                                          .release/control_io.o
read_flag_bit                                     .release/control_io.o
read_ossd                                         .release/control_io.o
start_vector                                      .release/startup.o
write_bit                                         .release/control_io.o
write_flag_bit                                    .release/control_io.o
